{
  "entry": [
    {
      "resource": {
        "resourceType": "Practitioner",
        "meta": {
          "versionId": "1",
          "lastUpdated": "2021-01-14T23:42:00+00:00",
          "security": [
            {
              "system": "https://www.icanbwell.com/access",
              "code": "medstar"
            }
          ]
        },
        "id": "1679033641",
        "contained": [
          {
            "resourceType": "Organization",
            "id": "123456",
            "meta": {
              "versionId": "1",
              "lastUpdated": "2021-01-14T23:42:00+00:00",
              "security": [
                {
                  "system": "https://www.icanbwell.com/access",
                  "code": "medstar"
                }
              ]
            },
            "type": [
              {
                "coding": [
                  {
                    "system": "http://terminology.hl7.org/CodeSystem/organization-type",
                    "code": "prov",
                    "display": "Healthcare Provider"
                  }
                ],
                "text": "Healthcare Organization"
              }
            ],
            "name": "MedStar Medical Group"
          },
          {
            "resourceType": "Organization",
            "id": "123456",
            "meta": {
              "versionId": "1",
              "lastUpdated": "2021-01-14T23:42:00+00:00",
              "security": [
                {
                  "system": "https://www.icanbwell.com/access",
                  "code": "medstar"
                }
              ]
            },
            "type": [
              {
                "coding": [
                  {
                    "system": "http://terminology.hl7.org/CodeSystem/organization-type",
                    "code": "prov",
                    "display": "Healthcare Provider"
                  }
                ],
                "text": "Healthcare Organization"
              }
            ],
            "name": "MedStar Medical Group"
          }
        ],
        "identifier": [
          {
            "use": "usual",
            "type": {
              "coding": [
                {
                  "system": "http://terminology.hl7.org/CodeSystem/v2-0203",
                  "code": "PRN"
                }
              ]
            },
            "system": "http://medstarhealth.org",
            "value": "4657"
          },
          {
            "use": "official",
            "type": {
              "coding": [
                {
                  "system": "http://terminology.hl7.org/CodeSystem/v2-0203",
                  "code": "NPI"
                }
              ]
            },
            "system": "http://hl7.org/fhir/sid/us-npi",
            "value": "1679033641"
          }
        ],
        "active": true,
        "name": [
          {
            "use": "usual",
            "text": "SAMER S. NAJJAR  MD",
            "family": "NAJJAR  MD",
            "given": [
              "SAMER S."
            ]
          }
        ],
        "telecom": [
          {
            "system": "email",
            "use": "work",
            "value": "foo@foo.com"
          }
        ],
        "gender": "unknown",
        "qualification": [
          {
            "code": {
              "coding": [
                {
                  "system": "http://terminology.hl7.org/ValueSet/v2-2.7-030",
                  "code": "MD"
                }
              ]
            },
            "issuer": {
              "reference": "#Organization/123456"
            }
          },
          {
            "code": {
              "coding": [
                {
                  "system": "http://terminology.hl7.org/ValueSet/v2-2.7-030",
                  "code": "MD"
                }
              ]
            },
            "period": {
              "start": "1960-01-01",
              "end": "2021-12-11"
            },
            "issuer": {
              "reference": "#Organization/123456"
            }
          },
          {
            "code": {
              "coding": [
                {
                  "system": "http://terminology.hl7.org/ValueSet/v2-2.7-030",
                  "code": "MD"
                }
              ]
            },
            "issuer": {
              "display": "the person who issued it"
            }
          }
        ],
        "communication": [
          {
            "coding": [
              {
                "code": "en",
                "system": "urn:ietf:bcp:47"
              }
            ]
          }
        ]
      }
    }
  ],
  "id": "bundle-example",
  "resourceType": "Bundle",
  "type": "collection"
}
