[
  {
    "resourceType": "Practitioner",
    "id": "1",
    "meta": {
      "versionId": "1",
      "lastUpdated": "2021-04-28T17:48:50+00:00",
      "source": "https://thedacare.org",
      "tag": [
        {
          "system": "http://www.foo.com/bar",
          "code": "thedacare"
        },
        {
          "system": "http://www.foo.com/bar",
          "code": "medstar"
        }
      ],
      "security": [
        {
          "system": "https://www.icanbwell.com/access",
          "code": "medstar"
        }
      ]
    },
    "identifier": [
      {
        "use": "usual",
        "type": {
          "coding": [
            {
              "system": "http://terminology.hl7.org/CodeSystem/v2-0203",
              "code": "PRN"
            }
          ]
        },
        "system": "http://medstarhealth.org",
        "value": "4657"
      },
      {
        "use": "official",
        "type": {
          "coding": [
            {
              "system": "http://terminology.hl7.org/CodeSystem/v2-0203",
              "code": "NPI"
            }
          ]
        },
        "system": "http://hl7.org/fhir/sid/us-npi",
        "value": "1679033641"
      }
    ],
    "active": true,
    "name": [
      {
        "use": "usual",
        "text": "SAMER S. NAJJAR  MD",
        "family": "NAJJAR  MD",
        "given": [
          "SAMER S."
        ]
      }
    ],
    "telecom": [
      {
        "system": "email",
        "value": "foo@foo.com",
        "use": "work"
      }
    ],
    "gender": "unknown",
    "qualification": [
      {
        "code": {
          "coding": [
            {
              "system": "http://terminology.hl7.org/ValueSet/v2-2.7-030",
              "code": "MD"
            }
          ]
        }
      },
      {
        "code": {
          "coding": [
            {
              "system": "http://terminology.hl7.org/ValueSet/v2-2.7-030",
              "code": "MD"
            }
          ]
        },
        "period": {
          "start": "1960-01-01",
          "end": "2021-12-11"
        },
        "issuer": {
          "reference": "Organization/Stanford_Medical_School"
        }
      }
    ],
    "communication": [
      {
        "coding": [
          {
            "system": "urn:ietf:bcp:47",
            "code": "en"
          }
        ]
      }
    ]
  },
  {
    "resourceType": "Practitioner",
    "id": "1679033641",
    "meta": {
      "versionId": "1",
      "lastUpdated": "2021-04-28T17:48:50+00:00",
      "source": "https://thedacare.org",
      "tag": [
        {
          "system": "http://www.foo.com/bar",
          "code": "medstar"
        }
      ],
      "security": [
        {
          "system": "https://www.icanbwell.com/access",
          "code": "medstar"
        }
      ]
    },
    "identifier": [
      {
        "use": "usual",
        "type": {
          "coding": [
            {
              "system": "http://terminology.hl7.org/CodeSystem/v2-0203",
              "code": "PRN"
            }
          ]
        },
        "system": "http://medstarhealth.org",
        "value": "4657"
      },
      {
        "use": "official",
        "type": {
          "coding": [
            {
              "system": "http://terminology.hl7.org/CodeSystem/v2-0203",
              "code": "NPI"
            }
          ]
        },
        "system": "http://hl7.org/fhir/sid/us-npi",
        "value": "1679033641"
      }
    ],
    "active": true,
    "name": [
      {
        "use": "usual",
        "text": "SAMER S. NAJJAR  MD",
        "family": "NAJJAR  MD",
        "given": [
          "SAMER S."
        ]
      }
    ],
    "telecom": [
      {
        "system": "email",
        "value": "foo@foo.com",
        "use": "work"
      }
    ],
    "gender": "unknown",
    "qualification": [
      {
        "code": {
          "coding": [
            {
              "system": "http://terminology.hl7.org/ValueSet/v2-2.7-030",
              "code": "MD"
            }
          ]
        }
      },
      {
        "code": {
          "coding": [
            {
              "system": "http://terminology.hl7.org/ValueSet/v2-2.7-030",
              "code": "MD"
            }
          ]
        },
        "period": {
          "start": "1960-01-01",
          "end": "2021-12-11"
        },
        "issuer": {
          "reference": "Organization/Stanford_Medical_School"
        }
      }
    ],
    "communication": [
      {
        "coding": [
          {
            "system": "urn:ietf:bcp:47",
            "code": "en"
          }
        ]
      }
    ]
  }
]
