{
  "entry": [
    {
      "resource": {
        "id": "1679033641",
        "resourceType": "Practitioner"
      }
    }
  ],
  "resourceType": "Bundle",
  "type": "searchset",
  "total": 1
}
