{
  "resourceType": "OperationOutcome",
  "issue": [
    {
      "severity": "error",
      "code": "forbidden",
      "details": {
        "text": "None of the provided scopes matched an allowed scope.: user imran with scopes [user/Patient.read,access/medstar.*] failed access check to [Practitioner.read]"
      }
    }
  ]
}
