{
  "resourceType": "Bundle",
  "id": "bundle-example",
  "type": "collection",
  "timestamp": "2021-04-30T03:02:41.4141Z",
  "entry": [
    {
      "fullUrl": "https://127.0.0.1:51832/4_0_0/Organization/733797173",
      "resource": {
        "resourceType": "Organization",
        "id": "733797173",
        "meta": {
          "versionId": "1",
          "lastUpdated": "2021-04-30T03:02:41+00:00",
          "source": "https://www.foo.com",
          "security": [
            {
              "system": "https://www.icanbwell.com/access",
              "code": "medstar"
            }
          ]
        },
        "contained": [
          {
            "resourceType": "Location",
            "id": "UHG-MDER",
            "meta": {
              "versionId": "1",
              "lastUpdated": "2021-04-30T03:02:41+00:00",
              "source": "https://www.foo.com",
              "security": [
                {
                  "system": "https://www.icanbwell.com/access",
                  "code": "medstar"
                }
              ]
            },
            "identifier": [
              {
                "type": {
                  "coding": [
                    {
                      "system": "http://terminology.hl7.org/CodeSystem/v2-0203",
                      "code": "FI"
                    }
                  ],
                  "text": "Practice-Location-Department alias"
                },
                "system": "MedstarHealth.org",
                "value": "UHG-MDER"
              },
              {
                "type": {
                  "coding": [
                    {
                      "system": "http://terminology.hl7.org/CodeSystem/v2-0203",
                      "code": "XX"
                    }
                  ],
                  "text": "Location mnem"
                },
                "system": "MedstarHealth.org",
                "value": "UHG"
              },
              {
                "type": {
                  "coding": [
                    {
                      "system": "http://terminology.hl7.org/CodeSystem/v2-0203",
                      "code": "DepartmentName"
                    }
                  ],
                  "text": "Scheduling Department Name"
                },
                "system": "MedstarHealth.org",
                "value": "MMG DERMATOLOGY"
              },
              {
                "type": {
                  "coding": [
                    {
                      "system": "http://terminology.hl7.org/CodeSystem/v2-0203",
                      "code": "DeptMnem"
                    }
                  ],
                  "text": "Scheduling Department Mnem"
                },
                "system": "MedstarHealth.org",
                "value": "MDER"
              },
              {
                "type": {
                  "coding": [
                    {
                      "system": "http://terminology.hl7.org/CodeSystem/v2-0203",
                      "code": "DeptNo"
                    }
                  ],
                  "text": "Scheduling Department Number"
                },
                "system": "MedstarHealth.org",
                "value": "SCD"
              }
            ],
            "status": "active",
            "name": "MSH 5009 Honeygo suite 216",
            "description": "Baltimore Region",
            "mode": "instance",
            "type": [
              {
                "coding": [
                  {
                    "system": "MedstarHealth.org",
                    "code": "Dermatology",
                    "display": "Dermatology"
                  }
                ],
                "text": "practice speciality"
              },
              {
                "coding": [
                  {
                    "system": "http://terminology.hl7.org/CodeSystem/v3-RoleCode",
                    "code": "ER",
                    "display": "ER Indicator"
                  }
                ],
                "text": "ER Indicator"
              }
            ],
            "telecom": [
              {
                "system": "phone",
                "rank": 1
              },
              {
                "system": "phone",
                "value": "(410) 256-5858",
                "rank": 2
              },
              {
                "system": "fax",
                "value": "(866) 733-0434",
                "rank": 3
              },
              {
                "system": "url",
                "rank": 4
              }
            ],
            "physicalType": {
              "coding": [
                {
                  "system": "http://terminology.hl7.org/CodeSystem/location-physical-type",
                  "code": "bu"
                }
              ]
            },
            "position": {
              "longitude": -76.61668,
              "latitude": 39.32792
            },
            "managingOrganization": {
              "reference": "Organization/733797173",
              "type": "Organization"
            }
          },
          {
            "resourceType": "HealthcareService",
            "id": "-733797173",
            "meta": {
              "versionId": "1",
              "lastUpdated": "2021-04-30T03:02:41+00:00",
              "source": "https://www.foo.com",
              "security": [
                {
                  "system": "https://www.icanbwell.com/access",
                  "code": "medstar"
                }
              ]
            },
            "identifier": [
              {
                "use": "usual",
                "system": "bwell",
                "value": "-733797173"
              }
            ],
            "providedBy": {
              "reference": "Organization/733797173"
            },
            "specialty": [
              {
                "coding": [
                  {
                    "system": "http://nucc.org/provider-taxonomy",
                    "code": "261QP2300X",
                    "display": "Primary Care and Student Health"
                  }
                ]
              }
            ]
          }
        ],
        "extension": [
          {
            "valueDecimal": -76.61668
          },
          {
            "valueDecimal": 39.32792
          }
        ],
        "identifier": [
          {
            "use": "usual",
            "system": "bwell",
            "value": "-733797173"
          }
        ],
        "active": true,
        "type": [
          {
            "coding": [
              {
                "system": "http://terminology.hl7.org/CodeSystem/organization-type",
                "code": "prov",
                "display": "Healthcare Provider"
              }
            ],
            "text": "Healthcare Organization"
          },
          {
            "coding": [
              {
                "system": "http://terminology.hl7.org/CodeSystem/organization-type",
                "code": "prov",
                "display": "Emergency Room"
              }
            ],
            "text": "ER Indicator"
          }
        ],
        "name": "MedStar Medical Group Dermatology at Honeygo",
        "alias": [
          "MedStar Medical Group Derm at Honeygo"
        ],
        "telecom": [
          {
            "system": "phone",
            "value": "(410) 256-5858"
          },
          {
            "system": "fax",
            "value": "(866) 733-0434"
          }
        ],
        "address": [
          {
            "line": [
              "5009 Honeygo Center Drive",
              "Suite 216"
            ],
            "city": "Perry Hall",
            "state": "MD",
            "postalCode": "21128"
          }
        ],
        "partOf": {
          "type": "Organization",
          "display": "MedStar Medical Group"
        },
        "contact": [
          {
            "purpose": {
              "coding": [
                {
                  "system": "MedstarHealth.org",
                  "code": "Central Scheduling"
                }
              ]
            },
            "telecom": [
              {
                "system": "phone",
                "use": "work"
              }
            ]
          }
        ]
      }
    },
    {
      "fullUrl": "https://127.0.0.1:51832/4_0_0/Organization/1234",
      "resource": {
        "resourceType": "Organization",
        "id": "1234",
        "meta": {
          "versionId": "1",
          "lastUpdated": "2021-04-30T03:02:41+00:00",
          "source": "https://www.foo.com",
          "security": [
            {
              "system": "https://www.icanbwell.com/access",
              "code": "medstar"
            }
          ]
        },
        "extension": [
          {
            "valueDecimal": -76.61668
          },
          {
            "valueDecimal": 39.32792
          }
        ],
        "identifier": [
          {
            "use": "usual",
            "system": "bwell",
            "value": "-733797173"
          }
        ],
        "active": true,
        "type": [
          {
            "coding": [
              {
                "system": "http://terminology.hl7.org/CodeSystem/organization-type",
                "code": "prov",
                "display": "Healthcare Provider"
              }
            ],
            "text": "Healthcare Organization"
          },
          {
            "coding": [
              {
                "system": "http://terminology.hl7.org/CodeSystem/organization-type",
                "code": "prov",
                "display": "Emergency Room"
              }
            ],
            "text": "ER Indicator"
          }
        ],
        "name": "MedStar Medical Group Dermatology at Honeygo",
        "alias": [
          "MedStar Medical Group Derm at Honeygo"
        ],
        "telecom": [
          {
            "system": "phone",
            "value": "(410) 256-5858"
          },
          {
            "system": "fax",
            "value": "(866) 733-0434"
          }
        ],
        "address": [
          {
            "line": [
              "5009 Honeygo Center Drive",
              "Suite 216"
            ],
            "city": "Perry Hall",
            "state": "MD",
            "postalCode": "21128"
          }
        ],
        "partOf": {
          "type": "Organization",
          "display": "MedStar Medical Group"
        },
        "contact": [
          {
            "purpose": {
              "coding": [
                {
                  "system": "MedstarHealth.org",
                  "code": "Central Scheduling"
                }
              ]
            },
            "telecom": [
              {
                "system": "phone",
                "use": "work"
              }
            ]
          }
        ]
      }
    }
  ]
}
