[
  {
    "action": "C",
    "agent": [
      {
        "altId": "user/*.read user/*.write access/*.*",
        "name": "imran",
        "network": {
          "type": 2
        },
        "requestor": true,
        "who": {
          "reference": "Person/imran"
        }
      }
    ],
    "entity": [
      {
        "detail": [
          {
            "type": "id",
            "valueString": "1679033641"
          },
          {
            "type": "base_version",
            "valueString": "4_0_0"
          },
          {
            "type": "validate",
            "valueString": "true"
          }
        ],
        "what": {
          "reference": "Practitioner/1679033641"
        }
      }
    ],
    "meta": {
      "security": [
        {
          "code": "bwell",
          "system": "https://www.icanbwell.com/owner"
        },
        {
          "code": "bwell",
          "system": "https://www.icanbwell.com/access"
        }
      ],
      "versionId": "1"
    },
    "resourceType": "AuditEvent",
    "type": {
      "code": 110112,
      "display": "Query",
      "system": "http://dicom.nema.org/resources/ontology/DCM"
    }
  },
  {
    "action": "C",
    "agent": [
      {
        "altId": "user/*.read user/*.write access/*.*",
        "name": "imran",
        "network": {
          "type": 2
        },
        "requestor": true,
        "who": {
          "reference": "Person/imran"
        }
      }
    ],
    "entity": [
      {
        "detail": [
          {
            "type": "id",
            "valueString": "0"
          },
          {
            "type": "base_version",
            "valueString": "4_0_0"
          }
        ],
        "what": {
          "reference": "Practitioner/0"
        }
      }
    ],
    "meta": {
      "security": [
        {
          "code": "bwell",
          "system": "https://www.icanbwell.com/owner"
        },
        {
          "code": "bwell",
          "system": "https://www.icanbwell.com/access"
        }
      ],
      "versionId": "1"
    },
    "resourceType": "AuditEvent",
    "type": {
      "code": 110112,
      "display": "Query",
      "system": "http://dicom.nema.org/resources/ontology/DCM"
    }
  },
  {
    "action": "R",
    "agent": [
      {
        "altId": "user/*.read user/*.write access/*.*",
        "name": "imran",
        "network": {
          "type": 2
        },
        "requestor": true,
        "who": {
          "reference": "Person/imran"
        }
      }
    ],
    "entity": [
      {
        "detail": [
          {
            "type": "base_version",
            "valueString": "4_0_0"
          },
          {
            "type": "id",
            "valueString": "0"
          }
        ],
        "what": {
          "reference": "Practitioner/0"
        }
      }
    ],
    "meta": {
      "security": [
        {
          "code": "bwell",
          "system": "https://www.icanbwell.com/owner"
        },
        {
          "code": "bwell",
          "system": "https://www.icanbwell.com/access"
        }
      ],
      "versionId": "1"
    },
    "resourceType": "AuditEvent",
    "type": {
      "code": 110112,
      "display": "Query",
      "system": "http://dicom.nema.org/resources/ontology/DCM"
    }
  }
]
