[
  {
    "id": "WPS-Claim-230916613369",
    "created": true,
    "updated": false,
    "resource_version": "1"
  },
  {
    "id": "00100000000",
    "created": true,
    "updated": false,
    "resource_version": "1"
  },
  {
    "id": "WPS-Claim-429017018331",
    "created": true,
    "updated": false,
    "resource_version": "1"
  }
]
