[
  {
    "id": "-733797173",
    "identifier": [
      {
        "system": "bwell",
        "use": "usual",
        "value": "-733797173"
      }
    ],
    "meta": {
      "security": [
        {
          "code": "medstar",
          "system": "https://www.icanbwell.com/access"
        }
      ],
      "versionId": "1"
    },
    "resourceType": "HealthcareService",
    "specialty": [
      {
        "coding": [
          {
            "code": "261QP2300X",
            "display": "Primary Care and Student Health",
            "system": "http://nucc.org/provider-taxonomy"
          }
        ]
      }
    ],
    "type": []
  },
  {
    "eligibility": [
      {
        "code": {
          "coding": [
            {
              "code": "185387006",
              "display": "New Patient",
              "system": "http://snomed.info/sct"
            }
          ]
        }
      },
      {
        "code": {
          "coding": [
            {
              "code": "448337001",
              "display": "Telehealth Visit",
              "system": "http://snomed.info/sct"
            }
          ]
        }
      },
      {
        "code": {
          "coding": [
            {
              "code": "0 - 100",
              "display": "0 - 100",
              "system": "MedstarHealth.org"
            }
          ]
        },
        "comment": "Age Group Seen"
      }
    ],
    "id": "1679033641-UF3-UADM",
    "meta": {
      "security": [
        {
          "code": "medstar",
          "system": "https://www.icanbwell.com/access"
        }
      ],
      "versionId": "1"
    },
    "resourceType": "HealthcareService"
  },
  {
    "eligibility": [
      {
        "code": {
          "coding": [
            {
              "code": "No Limit",
              "display": "No Limit",
              "system": "https://raw.githubusercontent.com/imranq2/SparkAutoMapper.FHIR/main/spark_auto_mapper_fhir/valuesets/minimum_age"
            }
          ]
        },
        "comment": "Minimum patient age"
      },
      {
        "code": {
          "coding": [
            {
              "code": "No Limit",
              "display": "No Limit",
              "system": "https://raw.githubusercontent.com/imranq2/SparkAutoMapper.FHIR/main/spark_auto_mapper_fhir/valuesets/maximum_age"
            }
          ]
        },
        "comment": "Maximum patient age"
      },
      {
        "code": {
          "coding": [
            {
              "code": "WCBPOL",
              "display": "Workers Compensation",
              "system": "http://terminology.hl7.org/CodeSystem/v3-ActCode"
            }
          ]
        },
        "comment": "Accepts Workers Compensation Patients"
      },
      {
        "code": {
          "coding": [
            {
              "code": "AUTOPOL",
              "display": "Y",
              "system": "http://terminology.hl7.org/CodeSystem/v3-ActCode"
            }
          ]
        },
        "comment": "Accepts Auto Accident Patients"
      },
      {
        "code": {
          "coding": [
            {
              "code": "448337001",
              "display": "Telehealth Visit",
              "system": "http://snomed.info/sct/"
            }
          ]
        },
        "comment": "Video Visit available"
      },
      {
        "code": {
          "coding": [
            {
              "code": "185387006",
              "display": "New Patient",
              "system": "http://snomed.info/sct/"
            }
          ]
        },
        "comment": "Accepts New Patient"
      }
    ],
    "id": "MAX-MALX",
    "identifier": [
      {
        "system": "MedstarHealth.org",
        "use": "usual",
        "value": "MAX-MALX"
      }
    ],
    "meta": {
      "security": [
        {
          "code": "medstar",
          "system": "https://www.icanbwell.com/access"
        }
      ],
      "versionId": "1"
    },
    "name": "Primary Care",
    "providedBy": {
      "reference": "Organization/MAX-MALX"
    },
    "resourceType": "HealthcareService",
    "specialty": [
      {
        "coding": [
          {
            "code": "Family Medicine",
            "display": "Family Medicine",
            "system": "MedstarHealth.org"
          }
        ],
        "text": "Primary Specialty"
      },
      {
        "coding": [
          {
            "code": "Family Medicine",
            "display": "Family Medicine",
            "system": "MedstarHealth.org"
          }
        ],
        "text": "Primary Specialty Group"
      }
    ],
    "type": [
      {
        "coding": [
          {
            "code": "17",
            "display": "Primary Care",
            "system": "http://terminology.hl7.org/CodeSystem/service-category"
          }
        ]
      }
    ]
  }
]
