[
  {
    "active": true,
    "address": [
      {
        "city": "Perry Hall",
        "line": [
          "5009 Honeygo Center Drive",
          "Suite 216"
        ],
        "postalCode": "21128",
        "state": "MD"
      }
    ],
    "alias": [
      "MedStar Medical Group Derm at Honeygo"
    ],
    "contact": [
      {
        "purpose": {
          "coding": [
            {
              "code": "Central Scheduling",
              "system": "MedstarHealth.org"
            }
          ]
        },
        "telecom": [
          {
            "system": "phone",
            "use": "work"
          }
        ]
      }
    ],
    "extension": [
      {
        "valueDecimal": -76.61668
      },
      {
        "valueDecimal": 39.32792
      }
    ],
    "id": "-733797173",
    "identifier": [
      {
        "system": "bwell",
        "use": "usual",
        "value": "-733797173"
      }
    ],
    "name": "MedStar Medical Group Dermatology at Honeygo",
    "partOf": {
      "display": "MedStar Medical Group",
      "type": "Organization"
    },
    "resourceType": "Organization",
    "telecom": [
      {
        "system": "phone",
        "value": "(410) 256-5858"
      },
      {
        "system": "fax",
        "value": "(866) 733-0434"
      }
    ],
    "type": [
      {
        "coding": [
          {
            "code": "prov",
            "display": "Healthcare Provider",
            "system": "http://terminology.hl7.org/CodeSystem/organization-type"
          }
        ],
        "text": "Healthcare Organization"
      },
      {
        "coding": [
          {
            "code": "ER",
            "display": "Emergency Room",
            "system": "http://terminology.hl7.org/CodeSystem/organization-type"
          }
        ],
        "text": "ER Indicator"
      }
    ]
  },
  {
    "id": "AETNA",
    "identifier": [
      {
        "type": {
          "coding": [
            {
              "code": "XV",
              "display": "Health Plan",
              "system": "http://terminology.hl7.org/CodeSystem/v2-0203"
            }
          ]
        },
        "value": "AETNA"
      }
    ],
    "resourceType": "Organization",
    "type": [
      {
        "coding": [
          {
            "code": "ins",
            "display": "Insurance Company",
            "system": "http://terminology.hl7.org/CodeSystem/organization-type"
          }
        ]
      }
    ]
  },
  {
    "id": "MWHC",
    "identifier": [
      {
        "type": {
          "coding": [
            {
              "code": "FI",
              "display": "Facility Id",
              "system": "http://terminology.hl7.org/CodeSystem/v2-0203"
            }
          ]
        },
        "value": "MWHC"
      }
    ],
    "resourceType": "Organization",
    "type": [
      {
        "coding": [
          {
            "code": "prov",
            "display": "Healthcare Provider",
            "system": "http://terminology.hl7.org/CodeSystem/organization-type"
          }
        ]
      }
    ]
  },
  {
    "id": "MedStar-Medical-Group",
    "name": "MedStar Medical Group",
    "resourceType": "Organization",
    "type": [
      {
        "coding": [
          {
            "code": "prov",
            "display": "Healthcare Provider",
            "system": "http://terminology.hl7.org/CodeSystem/organization-type"
          }
        ],
        "text": "Healthcare Organization"
      }
    ]
  },
  {
    "id": "Stanford-Medical-School",
    "name": "Stanford Medical School",
    "resourceType": "Organization",
    "type": [
      {
        "coding": [
          {
            "code": "edu",
            "display": "Educational Institute",
            "system": "http://terminology.hl7.org/CodeSystem/organization-type"
          }
        ]
      }
    ]
  }
]
