[
  {
    "address": {
      "state": "CA"
    },
    "id": "CA",
    "meta": {
      "security": [
        {
          "code": "medstar",
          "system": "https://www.icanbwell.com/access"
        }
      ],
      "versionId": "1"
    },
    "resourceType": "Location"
  },
  {
    "address": {
      "city": "BALTIMORE",
      "line": [
        "33RD STREET PROFESSIONAL BLDG,G",
        "200 EAST 33RD STREET"
      ],
      "postalCode": "21218",
      "state": "MD"
    },
    "id": "UF3-UADM",
    "identifier": [
      {
        "system": "MedstarHealth.org",
        "type": {
          "coding": [
            {
              "code": "FI",
              "display": "Facility ID",
              "system": "http://terminology.hl7.org/CodeSystem/v2-0203"
            }
          ],
          "text": "Facility ID"
        },
        "value": "UF3"
      },
      {
        "system": "MedstarHealth.org",
        "type": {
          "coding": [
            {
              "code": "XX",
              "display": "Organization Identifier",
              "system": "http://terminology.hl7.org/CodeSystem/v2-0203"
            }
          ],
          "text": "Organization Identifier"
        },
        "value": "3437"
      }
    ],
    "meta": {
      "security": [
        {
          "code": "medstar",
          "system": "https://www.icanbwell.com/access"
        }
      ],
      "versionId": "1"
    },
    "name": "UMH 33RD ST PROF BLDG 3RD FL",
    "position": {
      "latitude": 39.32792,
      "longitude": -76.61668
    },
    "resourceType": "Location",
    "status": "active"
  },
  {
    "description": "Baltimore Region",
    "id": "UHG-MDER",
    "identifier": [
      {
        "system": "MedstarHealth.org",
        "type": {
          "coding": [
            {
              "code": "FI",
              "system": "http://terminology.hl7.org/CodeSystem/v2-0203"
            }
          ],
          "text": "Practice-Location-Department alias"
        },
        "value": "UHG-MDER"
      },
      {
        "system": "MedstarHealth.org",
        "type": {
          "coding": [
            {
              "code": "XX",
              "system": "http://terminology.hl7.org/CodeSystem/v2-0203"
            }
          ],
          "text": "Location mnem"
        },
        "value": "UHG"
      },
      {
        "system": "MedstarHealth.org",
        "type": {
          "coding": [
            {
              "code": "DepartmentName",
              "system": "http://terminology.hl7.org/CodeSystem/v2-0203"
            }
          ],
          "text": "Scheduling Department Name"
        },
        "value": "MMG DERMATOLOGY"
      },
      {
        "system": "MedstarHealth.org",
        "type": {
          "coding": [
            {
              "code": "DeptMnem",
              "system": "http://terminology.hl7.org/CodeSystem/v2-0203"
            }
          ],
          "text": "Scheduling Department Mnem"
        },
        "value": "MDER"
      },
      {
        "system": "MedstarHealth.org",
        "type": {
          "coding": [
            {
              "code": "DeptNo",
              "system": "http://terminology.hl7.org/CodeSystem/v2-0203"
            }
          ],
          "text": "Scheduling Department Number"
        },
        "value": "Dept"
      }
    ],
    "managingOrganization": {
      "reference": "Organization/199691290",
      "type": "Organization"
    },
    "meta": {
      "security": [
        {
          "code": "medstar",
          "system": "https://www.icanbwell.com/access"
        }
      ],
      "versionId": "1"
    },
    "mode": "instance",
    "name": "MSH 5009 Honeygo suite 216",
    "physicalType": {
      "coding": [
        {
          "code": "bu",
          "system": "http://terminology.hl7.org/CodeSystem/location-physical-type"
        }
      ]
    },
    "position": {
      "latitude": 39.32792,
      "longitude": -76.61668
    },
    "resourceType": "Location",
    "status": "active",
    "telecom": [
      {
        "rank": 1,
        "system": "phone"
      },
      {
        "rank": 2,
        "system": "phone",
        "value": "(410) 256-5858"
      },
      {
        "rank": 3,
        "system": "fax",
        "value": "(866) 733-0434"
      },
      {
        "rank": 4,
        "system": "url"
      }
    ],
    "type": [
      {
        "coding": [
          {
            "code": "Dermatology",
            "display": "Dermatology",
            "system": "MedstarHealth.org"
          }
        ],
        "text": "practice speciality"
      },
      {
        "coding": [
          {
            "code": "ER",
            "display": "ER Indicator",
            "system": "http://terminology.hl7.org/CodeSystem/v3-RoleCode"
          }
        ],
        "text": "ER Indicator"
      }
    ]
  }
]
