{
  "resourceType": "Bundle",
  "total": 2,
  "type": "searchset",
  "link": [
    {
      "relation": "self",
      "url": "/4_0_0/Practitioner?_count=10&_bundle=1&_total=accurate"
    },
    {
      "relation": "next",
      "url": "/4_0_0/Practitioner?_count=10&_bundle=1&_total=accurate&id%3Aabove=1679033641"
    }
  ],
  "entry": [
    {
      "resource": {
        "active": true,
        "communication": [
          {
            "coding": [
              {
                "code": "en",
                "system": "urn:ietf:bcp:47"
              }
            ]
          }
        ],
        "gender": "unknown",
        "id": "0",
        "identifier": [
          {
            "system": "http://medstarhealth.org",
            "type": {
              "coding": [
                {
                  "code": "PRN",
                  "system": "http://terminology.hl7.org/CodeSystem/v2-0203"
                }
              ]
            },
            "use": "usual",
            "value": "4657"
          },
          {
            "system": "http://hl7.org/fhir/sid/us-npi",
            "type": {
              "coding": [
                {
                  "code": "NPI",
                  "system": "http://terminology.hl7.org/CodeSystem/v2-0203"
                }
              ]
            },
            "use": "official",
            "value": "1679033641"
          }
        ],
        "meta": {
          "security": [
            {
              "code": "medstar",
              "system": "https://www.icanbwell.com/access"
            }
          ],
          "versionId": "1"
        },
        "name": [
          {
            "family": "NAJJAR  MD",
            "given": [
              "SAMER S."
            ],
            "text": "SAMER S. NAJJAR  MD",
            "use": "usual"
          }
        ],
        "qualification": [
          {
            "code": {
              "coding": [
                {
                  "code": "MD",
                  "system": "http://terminology.hl7.org/ValueSet/v2-2.7-030"
                }
              ]
            }
          },
          {
            "code": {
              "coding": [
                {
                  "code": "MD",
                  "system": "http://terminology.hl7.org/ValueSet/v2-2.7-030"
                }
              ]
            },
            "issuer": {
              "reference": "Organization/Stanford_Medical_School"
            },
            "period": {
              "end": "2021-12-11",
              "start": "1960-01-01"
            }
          }
        ],
        "resourceType": "Practitioner",
        "telecom": [
          {
            "system": "email",
            "use": "work",
            "value": "foo@foo.com"
          }
        ]
      }
    },
    {
      "resource": {
        "active": true,
        "communication": [
          {
            "coding": [
              {
                "code": "en",
                "system": "urn:ietf:bcp:47"
              }
            ]
          }
        ],
        "gender": "unknown",
        "id": "1679033641",
        "identifier": [
          {
            "system": "http://medstarhealth.org",
            "type": {
              "coding": [
                {
                  "code": "PRN",
                  "system": "http://terminology.hl7.org/CodeSystem/v2-0203"
                }
              ]
            },
            "use": "usual",
            "value": "4657"
          },
          {
            "system": "http://hl7.org/fhir/sid/us-npi",
            "type": {
              "coding": [
                {
                  "code": "NPI",
                  "system": "http://terminology.hl7.org/CodeSystem/v2-0203"
                }
              ]
            },
            "use": "official",
            "value": "1679033641"
          }
        ],
        "meta": {
          "security": [
            {
              "code": "medstar",
              "system": "https://www.icanbwell.com/access"
            }
          ],
          "versionId": "1"
        },
        "name": [
          {
            "family": "NAJJAR  MD",
            "given": [
              "SAMER S."
            ],
            "text": "SAMER S. NAJJAR  MD",
            "use": "usual"
          }
        ],
        "qualification": [
          {
            "code": {
              "coding": [
                {
                  "code": "MD",
                  "system": "http://terminology.hl7.org/ValueSet/v2-2.7-030"
                }
              ]
            }
          },
          {
            "code": {
              "coding": [
                {
                  "code": "MD",
                  "system": "http://terminology.hl7.org/ValueSet/v2-2.7-030"
                }
              ]
            },
            "issuer": {
              "reference": "Organization/Stanford_Medical_School"
            },
            "period": {
              "end": "2021-12-11",
              "start": "1960-01-01"
            }
          }
        ],
        "resourceType": "Practitioner",
        "telecom": [
          {
            "system": "email",
            "use": "work",
            "value": "foo@foo.com"
          }
        ]
      }
    }
  ]
}
